Blender 4.1.1 (hash e1743a0317bc built 2024-04-16 00:06:22)
Read prefs: "/Users/jonlanger/Library/Application Support/Blender/4.1/config/userpref.blend"
Info: Registering operator class: 'OBJECT_OT_AlignOperator', bl_idname 'object.align' has been registered before, unregistering previous
register_class(...):
Info: Registering operator class: 'OBJECT_OT_AlignOperator', bl_idname 'object.align' has been registered before, unregistering previous
NONMANIFOLD Wheel_Front_Shell: 12 edges
NONMANIFOLD Wheel_Rear_Shell: 2 edges
NONMANIFOLD Column_Cover_Upper: 1 edges
NONMANIFOLD Column_Cover_Lower: 6 edges
NONMANIFOLD Base_Shell: 33 edges
NONMANIFOLD Base_Bottom: 200 edges
Info: Total files 0 | Changed 0 | Failed 0
Info: Saved "model.blend"
exporting
22:13:42 | INFO: Draco mesh compression is available, use library at /Applications/Blender.app/Contents/Resources/4.1/python/lib/python3.11/site-packages/libextern_draco.dylib
22:13:43 | INFO: Starting glTF 2.0 export
22:13:43 | INFO: Extracting primitive: wheel_ext.003
22:13:43 | INFO: Primitives created: 1
22:13:43 | INFO: Extracting primitive: wheel_ext.002
22:13:43 | INFO: Primitives created: 1
22:13:43 | INFO: Extracting primitive: grip.003
22:13:43 | INFO: Primitives created: 1
22:13:43 | INFO: Extracting primitive: grip.001
22:13:43 | INFO: Primitives created: 1
22:13:43 | INFO: Extracting primitive: grip.006
22:13:43 | INFO: Primitives created: 1
22:13:43 | INFO: Extracting primitive: grip.004
22:13:43 | INFO: Primitives created: 1
22:13:43 | INFO: Extracting primitive: Halo_Guide_Upper
22:13:43 | INFO: Primitives created: 1
22:13:43 | INFO: Extracting primitive: Halo_Guide_Lower
22:13:43 | INFO: Primitives created: 1
22:13:43 | INFO: Extracting primitive: Hub_Faceplate.001
22:13:43 | INFO: Primitives created: 1
22:13:43 | INFO: Extracting primitive: EStop_Guard.002
22:13:43 | INFO: Primitives created: 1
22:13:43 | INFO: Extracting primitive: EStop_Cap.001
22:13:43 | INFO: Primitives created: 1
22:13:43 | INFO: Extracting primitive: Btn_Hazard.001
22:13:43 | INFO: Primitives created: 1
22:13:43 | INFO: Extracting primitive: Print_Hazard
22:13:43 | INFO: Primitives created: 1
22:13:43 | INFO: Extracting primitive: Btn_ExtSpeaker.001
22:13:43 | INFO: Primitives created: 1
22:13:43 | INFO: Extracting primitive: Print_SpeakerDots
22:13:43 | INFO: Primitives created: 1
22:13:43 | INFO: Extracting primitive: Btn_Horn.002
22:13:43 | INFO: Primitives created: 1
22:13:43 | INFO: Extracting primitive: Btn_Talk.001
22:13:43 | INFO: Primitives created: 1
22:13:43 | INFO: Extracting primitive: Btn_Claim.001
22:13:43 | INFO: Primitives created: 1
22:13:43 | INFO: Extracting primitive: Btn_Release.001
22:13:43 | INFO: Primitives created: 1
22:13:43 | INFO: Extracting primitive: Btn_Log.001
22:13:43 | INFO: Primitives created: 1
22:13:43 | INFO: Extracting primitive: Display_Window
22:13:43 | INFO: Primitives created: 1
22:13:43 | INFO: Extracting primitive: Display_OLED
22:13:43 | INFO: Primitives created: 1
22:13:43 | INFO: Extracting primitive: DPad.002
22:13:43 | INFO: Primitives created: 1
22:13:43 | INFO: Extracting primitive: Stick_Gimbal
22:13:43 | INFO: Primitives created: 1
22:13:43 | INFO: Extracting primitive: Stick_Cap.002
22:13:43 | INFO: Primitives created: 1
22:13:43 | INFO: Extracting primitive: Paddle_Brake_L.001
22:13:43 | INFO: Primitives created: 1
22:13:43 | INFO: Extracting primitive: Paddle_Throttle_R.001
22:13:43 | INFO: Primitives created: 1
22:13:43 | INFO: Extracting primitive: Btn_P1.001
22:13:43 | INFO: Primitives created: 1
22:13:43 | INFO: Extracting primitive: Btn_P2.001
22:13:43 | INFO: Primitives created: 1
22:13:43 | INFO: Extracting primitive: Hub_PCB.002
22:13:43 | INFO: Primitives created: 1
22:13:43 | INFO: Extracting primitive: EStop_ContactBlock
22:13:43 | INFO: Primitives created: 1
22:13:43 | INFO: Extracting primitive: Stick_Module
22:13:43 | INFO: Primitives created: 1
22:13:43 | INFO: Extracting primitive: Clock_Spring.001
22:13:43 | INFO: Primitives created: 1
22:13:43 | INFO: Extracting primitive: Haptic_LRA_L
22:13:43 | INFO: Primitives created: 1
22:13:43 | INFO: Extracting primitive: Haptic_LRA_R
22:13:43 | INFO: Primitives created: 1
22:13:43 | INFO: Extracting primitive: col_ext.015
22:13:43 | INFO: Primitives created: 1
22:13:43 | INFO: Extracting primitive: col_ext.012
22:13:43 | INFO: Primitives created: 1
22:13:43 | INFO: Extracting primitive: Steer_Motor
22:13:43 | INFO: Primitives created: 1
22:13:43 | INFO: Extracting primitive: Stalk_TurnSignal.001
22:13:43 | INFO: Primitives created: 1
22:13:43 | INFO: Extracting primitive: base_ext.017
22:13:43 | INFO: Primitives created: 1
22:13:43 | INFO: Extracting primitive: base_ext.016
22:13:43 | INFO: Primitives created: 1
22:13:43 | INFO: Extracting primitive: slot.001
22:13:43 | INFO: Primitives created: 1
22:13:43 | INFO: Extracting primitive: ch.001
22:13:43 | INFO: Primitives created: 1
22:13:43 | INFO: Extracting primitive: Foot_1
22:13:43 | INFO: Primitives created: 1
22:13:43 | INFO: Extracting primitive: Foot_2
22:13:43 | INFO: Primitives created: 1
22:13:43 | INFO: Extracting primitive: Foot_3
22:13:43 | INFO: Primitives created: 1
22:13:43 | INFO: Extracting primitive: Foot_4
22:13:43 | INFO: Primitives created: 1
22:13:43 | INFO: Extracting primitive: USB_C_Receptacle.002
22:13:43 | INFO: Primitives created: 1
22:13:43 | INFO: Extracting primitive: USB_Board
22:13:43 | INFO: Primitives created: 1
22:13:43 | INFO: Extracting primitive: Ballast_Plate
22:13:43 | INFO: Primitives created: 1
22:13:43 | INFO: Extracting primitive: Main_PCB
22:13:43 | INFO: Primitives created: 1
22:13:43 | INFO: Extracting primitive: Wordmark_R.001
22:13:43 | INFO: Primitives created: 1
22:13:43 | INFO: Extracting primitive: Wordmark_L.001
22:13:43 | INFO: Primitives created: 1
22:13:43 | INFO: Finished glTF 2.0 export in 0.24892020225524902 s

Info: Saved "model.blend"
BUILD OK 53 parts
Fra:1 Mem:62.76M (Peak 86.69M) | Time:00:00.01 | Mem:0.00M, Peak:0.00M | Scene, ViewLayer | Synchronizing object | Sweep
Fra:1 Mem:62.77M (Peak 86.69M) | Time:00:00.01 | Mem:0.00M, Peak:0.00M | Scene, ViewLayer | Synchronizing object | Key
Fra:1 Mem:62.77M (Peak 86.69M) | Time:00:00.01 | Mem:0.00M, Peak:0.00M | Scene, ViewLayer | Synchronizing object | Rim
Fra:1 Mem:62.77M (Peak 86.69M) | Time:00:00.01 | Mem:0.00M, Peak:0.00M | Scene, ViewLayer | Synchronizing object | Halo_Guide_Upper
Fra:1 Mem:62.77M (Peak 86.69M) | Time:00:00.01 | Mem:0.00M, Peak:0.00M | Scene, ViewLayer | Synchronizing object | Halo_Guide_Lower
Fra:1 Mem:62.77M (Peak 86.69M) | Time:00:00.01 | Mem:0.00M, Peak:0.00M | Scene, ViewLayer | Synchronizing object | Hub_Faceplate
Fra:1 Mem:62.81M (Peak 86.69M) | Time:00:00.01 | Mem:0.00M, Peak:0.00M | Scene, ViewLayer | Synchronizing object | EStop_Guard
Fra:1 Mem:64.88M (Peak 86.69M) | Time:00:00.01 | Mem:0.00M, Peak:0.00M | Scene, ViewLayer | Synchronizing object | Wordmark_L
Fra:1 Mem:66.98M (Peak 86.69M) | Time:00:00.01 | Mem:0.00M, Peak:0.00M | Scene, ViewLayer | Synchronizing object | EStop_Cap
Fra:1 Mem:68.48M (Peak 86.69M) | Time:00:00.01 | Mem:0.00M, Peak:0.00M | Scene, ViewLayer | Synchronizing object | Btn_Hazard
Fra:1 Mem:68.68M (Peak 86.69M) | Time:00:00.02 | Mem:0.00M, Peak:0.00M | Scene, ViewLayer | Synchronizing object | Print_Hazard
Fra:1 Mem:69.32M (Peak 86.69M) | Time:00:00.02 | Mem:0.00M, Peak:0.00M | Scene, ViewLayer | Synchronizing object | Btn_ExtSpeaker
Fra:1 Mem:69.76M (Peak 86.69M) | Time:00:00.02 | Mem:0.00M, Peak:0.00M | Scene, ViewLayer | Synchronizing object | Print_SpeakerDots
Fra:1 Mem:69.76M (Peak 86.69M) | Time:00:00.02 | Mem:0.00M, Peak:0.00M | Scene, ViewLayer | Synchronizing object | Btn_Horn
Fra:1 Mem:69.90M (Peak 86.69M) | Time:00:00.02 | Mem:0.00M, Peak:0.00M | Scene, ViewLayer | Synchronizing object | Btn_Talk
Fra:1 Mem:70.68M (Peak 86.69M) | Time:00:00.02 | Mem:0.00M, Peak:0.00M | Scene, ViewLayer | Synchronizing object | Btn_Claim
Fra:1 Mem:71.03M (Peak 86.69M) | Time:00:00.02 | Mem:0.00M, Peak:0.00M | Scene, ViewLayer | Synchronizing object | Btn_Release
Fra:1 Mem:72.23M (Peak 86.69M) | Time:00:00.02 | Mem:0.00M, Peak:0.00M | Scene, ViewLayer | Synchronizing object | Btn_Log
Fra:1 Mem:72.85M (Peak 86.69M) | Time:00:00.02 | Mem:0.00M, Peak:0.00M | Scene, ViewLayer | Synchronizing object | Display_Window
Fra:1 Mem:72.12M (Peak 86.69M) | Time:00:00.02 | Mem:0.00M, Peak:0.00M | Scene, ViewLayer | Synchronizing object | Display_OLED
Fra:1 Mem:73.05M (Peak 86.69M) | Time:00:00.02 | Mem:0.00M, Peak:0.00M | Scene, ViewLayer | Synchronizing object | DPad
Fra:1 Mem:73.89M (Peak 86.69M) | Time:00:00.02 | Mem:0.00M, Peak:0.00M | Scene, ViewLayer | Synchronizing object | Stick_Gimbal
Fra:1 Mem:73.81M (Peak 86.69M) | Time:00:00.02 | Mem:0.00M, Peak:0.00M | Scene, ViewLayer | Synchronizing object | Stick_Cap
Fra:1 Mem:73.79M (Peak 86.69M) | Time:00:00.02 | Mem:0.00M, Peak:0.00M | Scene, ViewLayer | Synchronizing object | Paddle_Brake_L
Fra:1 Mem:74.12M (Peak 86.69M) | Time:00:00.02 | Mem:0.00M, Peak:0.00M | Scene, ViewLayer | Synchronizing object | Btn_P2
Fra:1 Mem:74.17M (Peak 86.69M) | Time:00:00.02 | Mem:0.00M, Peak:0.00M | Scene, ViewLayer | Synchronizing object | Hub_PCB
Fra:1 Mem:74.27M (Peak 86.69M) | Time:00:00.02 | Mem:0.00M, Peak:0.00M | Scene, ViewLayer | Synchronizing object | EStop_ContactBlock
Fra:1 Mem:76.01M (Peak 86.69M) | Time:00:00.02 | Mem:0.00M, Peak:0.00M | Scene, ViewLayer | Synchronizing object | Stick_Module
Fra:1 Mem:76.01M (Peak 86.69M) | Time:00:00.02 | Mem:0.00M, Peak:0.00M | Scene, ViewLayer | Synchronizing object | Clock_Spring
Fra:1 Mem:76.11M (Peak 86.69M) | Time:00:00.02 | Mem:0.00M, Peak:0.00M | Scene, ViewLayer | Synchronizing object | Haptic_LRA_L
Fra:1 Mem:75.86M (Peak 86.69M) | Time:00:00.02 | Mem:0.00M, Peak:0.00M | Scene, ViewLayer | Synchronizing object | Haptic_LRA_R
Fra:1 Mem:75.87M (Peak 86.69M) | Time:00:00.02 | Mem:0.00M, Peak:0.00M | Scene, ViewLayer | Synchronizing object | Column_Cover_Upper
Fra:1 Mem:76.32M (Peak 86.69M) | Time:00:00.02 | Mem:0.00M, Peak:0.00M | Scene, ViewLayer | Synchronizing object | Column_Cover_Lower
Fra:1 Mem:76.35M (Peak 86.69M) | Time:00:00.02 | Mem:0.00M, Peak:0.00M | Scene, ViewLayer | Synchronizing object | Stalk_TurnSignal
Fra:1 Mem:82.46M (Peak 86.69M) | Time:00:00.02 | Mem:0.00M, Peak:0.00M | Scene, ViewLayer | Synchronizing object | Base_Shell
Fra:1 Mem:82.66M (Peak 86.69M) | Time:00:00.02 | Mem:0.00M, Peak:0.00M | Scene, ViewLayer | Synchronizing object | Base_Bottom
Fra:1 Mem:82.87M (Peak 86.69M) | Time:00:00.02 | Mem:0.00M, Peak:0.00M | Scene, ViewLayer | Synchronizing object | Column_Boot
Fra:1 Mem:82.68M (Peak 86.69M) | Time:00:00.02 | Mem:0.00M, Peak:0.00M | Scene, ViewLayer | Synchronizing object | Tilt_Hinge
Fra:1 Mem:82.74M (Peak 86.69M) | Time:00:00.02 | Mem:0.00M, Peak:0.00M | Scene, ViewLayer | Synchronizing object | Foot_1
Fra:1 Mem:82.70M (Peak 86.69M) | Time:00:00.02 | Mem:0.00M, Peak:0.00M | Scene, ViewLayer | Synchronizing object | Foot_2
Fra:1 Mem:82.98M (Peak 86.69M) | Time:00:00.02 | Mem:0.00M, Peak:0.00M | Scene, ViewLayer | Synchronizing object | Foot_3
Fra:1 Mem:82.84M (Peak 86.69M) | Time:00:00.02 | Mem:0.00M, Peak:0.00M | Scene, ViewLayer | Synchronizing object | Foot_4
Fra:1 Mem:80.45M (Peak 86.69M) | Time:00:00.02 | Mem:0.00M, Peak:0.00M | Scene, ViewLayer | Synchronizing object | USB_C_Receptacle
Fra:1 Mem:80.59M (Peak 86.69M) | Time:00:00.02 | Mem:0.00M, Peak:0.00M | Scene, ViewLayer | Synchronizing object | Ballast_Plate
Fra:1 Mem:80.76M (Peak 86.69M) | Time:00:00.02 | Mem:0.00M, Peak:0.00M | Scene, ViewLayer | Synchronizing object | Main_PCB
Fra:1 Mem:80.31M (Peak 86.69M) | Time:00:00.02 | Mem:0.00M, Peak:0.00M | Scene, ViewLayer | Synchronizing object | Wordmark_R
Fra:1 Mem:80.51M (Peak 91.19M) | Time:00:00.03 | Mem:0.00M, Peak:0.00M | Scene, ViewLayer | Initializing
Fra:1 Mem:75.20M (Peak 91.19M) | Time:00:00.03 | Mem:0.00M, Peak:0.00M | Scene, ViewLayer | Waiting for render to start
Fra:1 Mem:75.20M (Peak 91.19M) | Time:00:00.03 | Mem:0.00M, Peak:0.00M | Scene, ViewLayer | Loading render kernels (may take a few minutes the first time)
Fra:1 Mem:75.20M (Peak 91.19M) | Time:00:00.03 | Mem:0.00M, Peak:0.00M | Scene, ViewLayer | Updating Scene
Fra:1 Mem:75.20M (Peak 91.19M) | Time:00:00.03 | Mem:0.00M, Peak:0.00M | Scene, ViewLayer | Updating Shaders
Fra:1 Mem:75.30M (Peak 91.19M) | Time:00:00.03 | Mem:0.02M, Peak:0.02M | Scene, ViewLayer | Updating Procedurals
Fra:1 Mem:75.30M (Peak 91.19M) | Time:00:00.03 | Mem:0.02M, Peak:0.02M | Scene, ViewLayer | Updating Background
Fra:1 Mem:75.30M (Peak 91.19M) | Time:00:00.03 | Mem:0.02M, Peak:0.02M | Scene, ViewLayer | Updating Camera
Fra:1 Mem:75.30M (Peak 91.19M) | Time:00:00.03 | Mem:0.02M, Peak:0.02M | Scene, ViewLayer | Updating Meshes Flags
Fra:1 Mem:75.30M (Peak 91.19M) | Time:00:00.03 | Mem:0.02M, Peak:0.02M | Scene, ViewLayer | Updating Objects
Fra:1 Mem:75.30M (Peak 91.19M) | Time:00:00.03 | Mem:0.02M, Peak:0.02M | Scene, ViewLayer | Updating Objects | Copying Transformations to device
Fra:1 Mem:75.31M (Peak 91.19M) | Time:00:00.03 | Mem:0.03M, Peak:0.03M | Scene, ViewLayer | Updating Objects | Applying Static Transformations
Fra:1 Mem:75.31M (Peak 91.19M) | Time:00:00.03 | Mem:0.03M, Peak:0.03M | Scene, ViewLayer | Updating Particle Systems
Fra:1 Mem:75.31M (Peak 91.19M) | Time:00:00.03 | Mem:0.03M, Peak:0.03M | Scene, ViewLayer | Updating Particle Systems | Copying Particles to device
Fra:1 Mem:75.31M (Peak 91.19M) | Time:00:00.03 | Mem:0.03M, Peak:0.03M | Scene, ViewLayer | Updating Meshes
Fra:1 Mem:79.28M (Peak 91.19M) | Time:00:00.03 | Mem:0.03M, Peak:0.03M | Scene, ViewLayer | Updating Mesh | Computing attributes
Fra:1 Mem:81.66M (Peak 91.19M) | Time:00:00.03 | Mem:0.03M, Peak:0.03M | Scene, ViewLayer | Updating Mesh | Copying Attributes to device
Fra:1 Mem:81.65M (Peak 91.19M) | Time:00:00.03 | Mem:2.41M, Peak:2.41M | Scene, ViewLayer | Updating Scene BVH | Building
Fra:1 Mem:81.66M (Peak 91.19M) | Time:00:00.03 | Mem:2.41M, Peak:2.41M | Scene, ViewLayer | Updating Scene BVH | Building BVH
Fra:1 Mem:81.66M (Peak 91.19M) | Time:00:00.03 | Mem:10.34M, Peak:10.34M | Scene, ViewLayer | Updating Scene BVH | Building BVH 0%
Fra:1 Mem:81.66M (Peak 91.19M) | Time:00:00.04 | Mem:19.79M, Peak:27.72M | Scene, ViewLayer | Updating Scene BVH | Copying BVH to device
Fra:1 Mem:81.66M (Peak 91.19M) | Time:00:00.04 | Mem:19.79M, Peak:27.72M | Scene, ViewLayer | Updating Mesh | Computing normals
Fra:1 Mem:92.95M (Peak 92.95M) | Time:00:00.04 | Mem:19.79M, Peak:27.72M | Scene, ViewLayer | Updating Mesh | Copying Mesh to device
Fra:1 Mem:92.95M (Peak 92.95M) | Time:00:00.04 | Mem:31.08M, Peak:31.08M | Scene, ViewLayer | Updating Objects Flags
Fra:1 Mem:92.95M (Peak 92.95M) | Time:00:00.04 | Mem:31.09M, Peak:31.09M | Scene, ViewLayer | Updating Primitive Offsets
Fra:1 Mem:92.95M (Peak 92.95M) | Time:00:00.04 | Mem:31.09M, Peak:31.09M | Scene, ViewLayer | Updating Images
Fra:1 Mem:92.95M (Peak 92.95M) | Time:00:00.04 | Mem:31.09M, Peak:31.09M | Scene, ViewLayer | Updating Camera Volume
Fra:1 Mem:92.95M (Peak 92.95M) | Time:00:00.04 | Mem:31.09M, Peak:31.09M | Scene, ViewLayer | Updating Lookup Tables
Fra:1 Mem:92.95M (Peak 92.95M) | Time:00:00.04 | Mem:31.17M, Peak:31.17M | Scene, ViewLayer | Updating Lights
Fra:1 Mem:92.95M (Peak 92.95M) | Time:00:00.04 | Mem:31.17M, Peak:31.17M | Scene, ViewLayer | Updating Lights | Computing distribution
Fra:1 Mem:92.95M (Peak 92.95M) | Time:00:00.04 | Mem:31.17M, Peak:31.17M | Scene, ViewLayer | Updating Lights | Computing tree
Fra:1 Mem:93.07M (Peak 93.07M) | Time:00:00.04 | Mem:31.29M, Peak:31.29M | Scene, ViewLayer | Updating Integrator
Fra:1 Mem:94.07M (Peak 94.07M) | Time:00:00.04 | Mem:32.29M, Peak:32.29M | Scene, ViewLayer | Updating Film
Fra:1 Mem:94.08M (Peak 94.08M) | Time:00:00.04 | Mem:32.21M, Peak:32.29M | Scene, ViewLayer | Updating Lookup Tables
Fra:1 Mem:94.08M (Peak 94.08M) | Time:00:00.04 | Mem:32.30M, Peak:32.30M | Scene, ViewLayer | Updating Baking
Fra:1 Mem:94.08M (Peak 94.08M) | Time:00:00.04 | Mem:32.30M, Peak:32.30M | Scene, ViewLayer | Updating Device | Writing constant memory
Fra:1 Mem:94.08M (Peak 94.08M) | Time:00:00.04 | Mem:32.30M, Peak:32.30M | Scene, ViewLayer | Sample 0/48
Fra:1 Mem:233.29M (Peak 233.29M) | Time:00:00.78 | Remaining:00:34.56 | Mem:171.46M, Peak:171.46M | Scene, ViewLayer | Sample 1/48
Fra:1 Mem:233.29M (Peak 233.29M) | Time:00:23.41 | Remaining:00:10.62 | Mem:171.46M, Peak:171.46M | Scene, ViewLayer | Sample 33/48
Fra:1 Mem:291.89M (Peak 379.78M) | Time:00:35.30 | Mem:171.46M, Peak:171.46M | Scene, ViewLayer | Sample 48/48
Fra:1 Mem:291.89M (Peak 379.78M) | Time:00:35.30 | Mem:171.46M, Peak:171.46M | Scene, ViewLayer | Finished
Saved: '/Users/jonlanger/Documents/Projects/teleop/hardware/out_v2/hero.png'
Time: 00:35.50 (Saving: 00:00.19)

Fra:1 Mem:66.56M (Peak 90.41M) | Time:00:00.01 | Mem:0.00M, Peak:0.00M | Scene, ViewLayer | Synchronizing object | Sweep
Fra:1 Mem:66.56M (Peak 90.41M) | Time:00:00.01 | Mem:0.00M, Peak:0.00M | Scene, ViewLayer | Synchronizing object | Grip_L_Rear
Fra:1 Mem:66.57M (Peak 90.41M) | Time:00:00.01 | Mem:0.00M, Peak:0.00M | Scene, ViewLayer | Synchronizing object | Grip_R_Rear
Fra:1 Mem:66.57M (Peak 90.41M) | Time:00:00.01 | Mem:0.00M, Peak:0.00M | Scene, ViewLayer | Synchronizing object | Halo_Guide_Upper
Fra:1 Mem:66.57M (Peak 90.41M) | Time:00:00.01 | Mem:0.00M, Peak:0.00M | Scene, ViewLayer | Synchronizing object | Halo_Guide_Lower
Fra:1 Mem:66.57M (Peak 90.41M) | Time:00:00.01 | Mem:0.00M, Peak:0.00M | Scene, ViewLayer | Synchronizing object | Hub_Faceplate
Fra:1 Mem:66.58M (Peak 90.41M) | Time:00:00.01 | Mem:0.00M, Peak:0.00M | Scene, ViewLayer | Synchronizing object | EStop_Guard
Fra:1 Mem:66.63M (Peak 90.41M) | Time:00:00.01 | Mem:0.00M, Peak:0.00M | Scene, ViewLayer | Synchronizing object | Wordmark_L
Fra:1 Mem:69.16M (Peak 90.41M) | Time:00:00.01 | Mem:0.00M, Peak:0.00M | Scene, ViewLayer | Synchronizing object | EStop_Cap
Fra:1 Mem:69.16M (Peak 90.41M) | Time:00:00.02 | Mem:0.00M, Peak:0.00M | Scene, ViewLayer | Synchronizing object | Btn_Hazard
Fra:1 Mem:69.26M (Peak 90.41M) | Time:00:00.02 | Mem:0.00M, Peak:0.00M | Scene, ViewLayer | Synchronizing object | Print_Hazard
Fra:1 Mem:69.75M (Peak 90.41M) | Time:00:00.02 | Mem:0.00M, Peak:0.00M | Scene, ViewLayer | Synchronizing object | Btn_Horn
Fra:1 Mem:70.09M (Peak 90.41M) | Time:00:00.02 | Mem:0.00M, Peak:0.00M | Scene, ViewLayer | Synchronizing object | Btn_Talk
Fra:1 Mem:70.79M (Peak 90.41M) | Time:00:00.02 | Mem:0.00M, Peak:0.00M | Scene, ViewLayer | Synchronizing object | Btn_Claim
Fra:1 Mem:71.29M (Peak 90.41M) | Time:00:00.02 | Mem:0.00M, Peak:0.00M | Scene, ViewLayer | Synchronizing object | Btn_Release
Fra:1 Mem:76.08M (Peak 90.41M) | Time:00:00.02 | Mem:0.00M, Peak:0.00M | Scene, ViewLayer | Synchronizing object | Btn_Log
Fra:1 Mem:75.99M (Peak 90.41M) | Time:00:00.02 | Mem:0.00M, Peak:0.00M | Scene, ViewLayer | Synchronizing object | Display_Window
Fra:1 Mem:76.39M (Peak 90.41M) | Time:00:00.02 | Mem:0.00M, Peak:0.00M | Scene, ViewLayer | Synchronizing object | Display_OLED
Fra:1 Mem:76.67M (Peak 90.41M) | Time:00:00.02 | Mem:0.00M, Peak:0.00M | Scene, ViewLayer | Synchronizing object | DPad
Fra:1 Mem:76.55M (Peak 90.41M) | Time:00:00.02 | Mem:0.00M, Peak:0.00M | Scene, ViewLayer | Synchronizing object | Stick_Gimbal
Fra:1 Mem:76.85M (Peak 90.41M) | Time:00:00.02 | Mem:0.00M, Peak:0.00M | Scene, ViewLayer | Synchronizing object | Stick_Cap
Fra:1 Mem:76.87M (Peak 90.41M) | Time:00:00.02 | Mem:0.00M, Peak:0.00M | Scene, ViewLayer | Synchronizing object | Paddle_Brake_L
Fra:1 Mem:77.03M (Peak 90.41M) | Time:00:00.02 | Mem:0.00M, Peak:0.00M | Scene, ViewLayer | Synchronizing object | Paddle_Throttle_R
Fra:1 Mem:78.87M (Peak 90.41M) | Time:00:00.02 | Mem:0.00M, Peak:0.00M | Scene, ViewLayer | Synchronizing object | Btn_P1
Fra:1 Mem:79.41M (Peak 90.41M) | Time:00:00.02 | Mem:0.00M, Peak:0.00M | Scene, ViewLayer | Synchronizing object | Btn_P2
Fra:1 Mem:79.68M (Peak 90.41M) | Time:00:00.02 | Mem:0.00M, Peak:0.00M | Scene, ViewLayer | Synchronizing object | Hub_PCB
Fra:1 Mem:80.08M (Peak 90.41M) | Time:00:00.02 | Mem:0.00M, Peak:0.00M | Scene, ViewLayer | Synchronizing object | EStop_ContactBlock
Fra:1 Mem:80.17M (Peak 90.41M) | Time:00:00.02 | Mem:0.00M, Peak:0.00M | Scene, ViewLayer | Synchronizing object | Stick_Module
Fra:1 Mem:80.27M (Peak 90.41M) | Time:00:00.02 | Mem:0.00M, Peak:0.00M | Scene, ViewLayer | Synchronizing object | Clock_Spring
Fra:1 Mem:79.82M (Peak 90.41M) | Time:00:00.02 | Mem:0.00M, Peak:0.00M | Scene, ViewLayer | Synchronizing object | Haptic_LRA_L
Fra:1 Mem:80.64M (Peak 90.41M) | Time:00:00.02 | Mem:0.00M, Peak:0.00M | Scene, ViewLayer | Synchronizing object | Haptic_LRA_R
Fra:1 Mem:80.59M (Peak 90.41M) | Time:00:00.02 | Mem:0.00M, Peak:0.00M | Scene, ViewLayer | Synchronizing object | Column_Cover_Upper
Fra:1 Mem:80.63M (Peak 90.41M) | Time:00:00.02 | Mem:0.00M, Peak:0.00M | Scene, ViewLayer | Synchronizing object | Column_Cover_Lower
Fra:1 Mem:80.72M (Peak 90.41M) | Time:00:00.02 | Mem:0.00M, Peak:0.00M | Scene, ViewLayer | Synchronizing object | Steer_Motor
Fra:1 Mem:80.36M (Peak 90.41M) | Time:00:00.02 | Mem:0.00M, Peak:0.00M | Scene, ViewLayer | Synchronizing object | Stalk_TurnSignal
Fra:1 Mem:80.15M (Peak 90.41M) | Time:00:00.02 | Mem:0.00M, Peak:0.00M | Scene, ViewLayer | Synchronizing object | Base_Shell
Fra:1 Mem:81.02M (Peak 90.41M) | Time:00:00.02 | Mem:0.00M, Peak:0.00M | Scene, ViewLayer | Synchronizing object | Base_Bottom
Fra:1 Mem:81.10M (Peak 90.41M) | Time:00:00.02 | Mem:0.00M, Peak:0.00M | Scene, ViewLayer | Synchronizing object | Column_Boot
Fra:1 Mem:81.24M (Peak 90.41M) | Time:00:00.02 | Mem:0.00M, Peak:0.00M | Scene, ViewLayer | Synchronizing object | Tilt_Hinge
Fra:1 Mem:81.82M (Peak 90.41M) | Time:00:00.02 | Mem:0.00M, Peak:0.00M | Scene, ViewLayer | Synchronizing object | Foot_1
Fra:1 Mem:81.96M (Peak 90.41M) | Time:00:00.02 | Mem:0.00M, Peak:0.00M | Scene, ViewLayer | Synchronizing object | Foot_2
Fra:1 Mem:82.07M (Peak 90.41M) | Time:00:00.02 | Mem:0.00M, Peak:0.00M | Scene, ViewLayer | Synchronizing object | Foot_3
Fra:1 Mem:82.08M (Peak 90.41M) | Time:00:00.02 | Mem:0.00M, Peak:0.00M | Scene, ViewLayer | Synchronizing object | Foot_4
Fra:1 Mem:82.26M (Peak 90.41M) | Time:00:00.02 | Mem:0.00M, Peak:0.00M | Scene, ViewLayer | Synchronizing object | USB_C_Receptacle
Fra:1 Mem:83.54M (Peak 90.41M) | Time:00:00.02 | Mem:0.00M, Peak:0.00M | Scene, ViewLayer | Synchronizing object | USB_Board
Fra:1 Mem:84.14M (Peak 90.41M) | Time:00:00.02 | Mem:0.00M, Peak:0.00M | Scene, ViewLayer | Synchronizing object | Ballast_Plate
Fra:1 Mem:84.34M (Peak 90.41M) | Time:00:00.02 | Mem:0.00M, Peak:0.00M | Scene, ViewLayer | Synchronizing object | Main_PCB
Fra:1 Mem:81.05M (Peak 90.41M) | Time:00:00.02 | Mem:0.00M, Peak:0.00M | Scene, ViewLayer | Synchronizing object | Wordmark_R
Fra:1 Mem:80.51M (Peak 90.41M) | Time:00:00.03 | Mem:0.00M, Peak:0.00M | Scene, ViewLayer | Initializing
Fra:1 Mem:75.20M (Peak 90.41M) | Time:00:00.03 | Mem:0.00M, Peak:0.00M | Scene, ViewLayer | Waiting for render to start
Fra:1 Mem:75.20M (Peak 90.41M) | Time:00:00.03 | Mem:0.00M, Peak:0.00M | Scene, ViewLayer | Loading render kernels (may take a few minutes the first time)
Fra:1 Mem:75.20M (Peak 90.41M) | Time:00:00.03 | Mem:0.00M, Peak:0.00M | Scene, ViewLayer | Updating Scene
Fra:1 Mem:75.20M (Peak 90.41M) | Time:00:00.03 | Mem:0.00M, Peak:0.00M | Scene, ViewLayer | Updating Shaders
Fra:1 Mem:75.30M (Peak 90.41M) | Time:00:00.03 | Mem:0.02M, Peak:0.02M | Scene, ViewLayer | Updating Procedurals
Fra:1 Mem:75.30M (Peak 90.41M) | Time:00:00.03 | Mem:0.02M, Peak:0.02M | Scene, ViewLayer | Updating Background
Fra:1 Mem:75.30M (Peak 90.41M) | Time:00:00.03 | Mem:0.02M, Peak:0.02M | Scene, ViewLayer | Updating Camera
Fra:1 Mem:75.30M (Peak 90.41M) | Time:00:00.03 | Mem:0.02M, Peak:0.02M | Scene, ViewLayer | Updating Meshes Flags
Fra:1 Mem:75.30M (Peak 90.41M) | Time:00:00.03 | Mem:0.02M, Peak:0.02M | Scene, ViewLayer | Updating Objects
Fra:1 Mem:75.30M (Peak 90.41M) | Time:00:00.03 | Mem:0.02M, Peak:0.02M | Scene, ViewLayer | Updating Objects | Copying Transformations to device
Fra:1 Mem:75.31M (Peak 90.41M) | Time:00:00.03 | Mem:0.03M, Peak:0.03M | Scene, ViewLayer | Updating Objects | Applying Static Transformations
Fra:1 Mem:75.31M (Peak 90.41M) | Time:00:00.03 | Mem:0.03M, Peak:0.03M | Scene, ViewLayer | Updating Particle Systems
Fra:1 Mem:75.31M (Peak 90.41M) | Time:00:00.03 | Mem:0.03M, Peak:0.03M | Scene, ViewLayer | Updating Particle Systems | Copying Particles to device
Fra:1 Mem:75.31M (Peak 90.41M) | Time:00:00.03 | Mem:0.03M, Peak:0.03M | Scene, ViewLayer | Updating Meshes
Fra:1 Mem:79.28M (Peak 90.41M) | Time:00:00.03 | Mem:0.03M, Peak:0.03M | Scene, ViewLayer | Updating Mesh | Computing attributes
Fra:1 Mem:81.66M (Peak 90.41M) | Time:00:00.03 | Mem:0.03M, Peak:0.03M | Scene, ViewLayer | Updating Mesh | Copying Attributes to device
Fra:1 Mem:81.65M (Peak 90.41M) | Time:00:00.03 | Mem:2.41M, Peak:2.41M | Scene, ViewLayer | Updating Scene BVH | Building
Fra:1 Mem:81.66M (Peak 90.41M) | Time:00:00.03 | Mem:2.41M, Peak:2.41M | Scene, ViewLayer | Updating Scene BVH | Building BVH
Fra:1 Mem:81.66M (Peak 90.41M) | Time:00:00.03 | Mem:10.34M, Peak:10.34M | Scene, ViewLayer | Updating Scene BVH | Building BVH 0%
Fra:1 Mem:81.66M (Peak 90.41M) | Time:00:00.04 | Mem:19.79M, Peak:27.72M | Scene, ViewLayer | Updating Scene BVH | Copying BVH to device
Fra:1 Mem:81.66M (Peak 90.41M) | Time:00:00.04 | Mem:19.79M, Peak:27.72M | Scene, ViewLayer | Updating Mesh | Computing normals
Fra:1 Mem:92.95M (Peak 92.95M) | Time:00:00.04 | Mem:19.79M, Peak:27.72M | Scene, ViewLayer | Updating Mesh | Copying Mesh to device
Fra:1 Mem:92.95M (Peak 92.95M) | Time:00:00.04 | Mem:31.08M, Peak:31.08M | Scene, ViewLayer | Updating Objects Flags
Fra:1 Mem:92.95M (Peak 92.95M) | Time:00:00.04 | Mem:31.09M, Peak:31.09M | Scene, ViewLayer | Updating Primitive Offsets
Fra:1 Mem:92.95M (Peak 92.95M) | Time:00:00.04 | Mem:31.09M, Peak:31.09M | Scene, ViewLayer | Updating Images
Fra:1 Mem:92.95M (Peak 92.95M) | Time:00:00.04 | Mem:31.09M, Peak:31.09M | Scene, ViewLayer | Updating Camera Volume
Fra:1 Mem:92.95M (Peak 92.95M) | Time:00:00.04 | Mem:31.09M, Peak:31.09M | Scene, ViewLayer | Updating Lookup Tables
Fra:1 Mem:92.95M (Peak 92.95M) | Time:00:00.04 | Mem:31.17M, Peak:31.17M | Scene, ViewLayer | Updating Lights
Fra:1 Mem:92.95M (Peak 92.95M) | Time:00:00.04 | Mem:31.17M, Peak:31.17M | Scene, ViewLayer | Updating Lights | Computing distribution
Fra:1 Mem:92.95M (Peak 92.95M) | Time:00:00.04 | Mem:31.17M, Peak:31.17M | Scene, ViewLayer | Updating Lights | Computing tree
Fra:1 Mem:93.07M (Peak 93.07M) | Time:00:00.04 | Mem:31.29M, Peak:31.29M | Scene, ViewLayer | Updating Integrator
Fra:1 Mem:94.07M (Peak 94.07M) | Time:00:00.04 | Mem:32.29M, Peak:32.29M | Scene, ViewLayer | Updating Film
Fra:1 Mem:94.08M (Peak 94.08M) | Time:00:00.04 | Mem:32.21M, Peak:32.29M | Scene, ViewLayer | Updating Lookup Tables
Fra:1 Mem:94.08M (Peak 94.08M) | Time:00:00.04 | Mem:32.30M, Peak:32.30M | Scene, ViewLayer | Updating Baking
Fra:1 Mem:94.08M (Peak 94.08M) | Time:00:00.04 | Mem:32.30M, Peak:32.30M | Scene, ViewLayer | Updating Device | Writing constant memory
Fra:1 Mem:94.08M (Peak 94.08M) | Time:00:00.04 | Mem:32.30M, Peak:32.30M | Scene, ViewLayer | Sample 0/48
Fra:1 Mem:210.10M (Peak 210.10M) | Time:00:00.77 | Remaining:00:34.13 | Mem:148.26M, Peak:148.26M | Scene, ViewLayer | Sample 1/48
Fra:1 Mem:210.10M (Peak 210.10M) | Time:00:23.20 | Remaining:00:10.52 | Mem:148.26M, Peak:148.26M | Scene, ViewLayer | Sample 33/48
Fra:1 Mem:258.93M (Peak 332.17M) | Time:00:34.71 | Mem:148.26M, Peak:148.26M | Scene, ViewLayer | Sample 48/48
Fra:1 Mem:258.93M (Peak 332.17M) | Time:00:34.71 | Mem:148.26M, Peak:148.26M | Scene, ViewLayer | Finished
Saved: '/Users/jonlanger/Documents/Projects/teleop/hardware/out_v2/hub.png'
Time: 00:34.84 (Saving: 00:00.12)

Fra:1 Mem:66.56M (Peak 88.79M) | Time:00:00.01 | Mem:0.00M, Peak:0.00M | Scene, ViewLayer | Synchronizing object | Sweep
Fra:1 Mem:66.56M (Peak 88.79M) | Time:00:00.01 | Mem:0.00M, Peak:0.00M | Scene, ViewLayer | Synchronizing object | Wheel_Rear_Shell
Fra:1 Mem:66.57M (Peak 88.79M) | Time:00:00.01 | Mem:0.00M, Peak:0.00M | Scene, ViewLayer | Synchronizing object | Grip_R_Rear
Fra:1 Mem:66.57M (Peak 88.79M) | Time:00:00.01 | Mem:0.00M, Peak:0.00M | Scene, ViewLayer | Synchronizing object | Halo_Guide_Upper
Fra:1 Mem:66.57M (Peak 88.79M) | Time:00:00.01 | Mem:0.00M, Peak:0.00M | Scene, ViewLayer | Synchronizing object | Halo_Guide_Lower
Fra:1 Mem:66.57M (Peak 88.79M) | Time:00:00.01 | Mem:0.00M, Peak:0.00M | Scene, ViewLayer | Synchronizing object | Hub_Faceplate
Fra:1 Mem:66.58M (Peak 88.79M) | Time:00:00.01 | Mem:0.00M, Peak:0.00M | Scene, ViewLayer | Synchronizing object | EStop_Guard
Fra:1 Mem:66.60M (Peak 88.79M) | Time:00:00.01 | Mem:0.00M, Peak:0.00M | Scene, ViewLayer | Synchronizing object | Wordmark_L
Fra:1 Mem:70.70M (Peak 88.79M) | Time:00:00.01 | Mem:0.00M, Peak:0.00M | Scene, ViewLayer | Synchronizing object | EStop_Cap
Fra:1 Mem:70.71M (Peak 88.79M) | Time:00:00.01 | Mem:0.00M, Peak:0.00M | Scene, ViewLayer | Synchronizing object | Btn_Hazard
Fra:1 Mem:71.69M (Peak 88.79M) | Time:00:00.01 | Mem:0.00M, Peak:0.00M | Scene, ViewLayer | Synchronizing object | Print_Hazard
Fra:1 Mem:72.24M (Peak 88.79M) | Time:00:00.01 | Mem:0.00M, Peak:0.00M | Scene, ViewLayer | Synchronizing object | Btn_ExtSpeaker
Fra:1 Mem:72.39M (Peak 88.79M) | Time:00:00.01 | Mem:0.00M, Peak:0.00M | Scene, ViewLayer | Synchronizing object | Print_SpeakerDots
Fra:1 Mem:76.20M (Peak 88.79M) | Time:00:00.01 | Mem:0.00M, Peak:0.00M | Scene, ViewLayer | Synchronizing object | Btn_Horn
Fra:1 Mem:77.06M (Peak 88.79M) | Time:00:00.01 | Mem:0.00M, Peak:0.00M | Scene, ViewLayer | Synchronizing object | Btn_Claim
Fra:1 Mem:76.95M (Peak 88.79M) | Time:00:00.01 | Mem:0.00M, Peak:0.00M | Scene, ViewLayer | Synchronizing object | Btn_Release
Fra:1 Mem:76.99M (Peak 88.79M) | Time:00:00.01 | Mem:0.00M, Peak:0.00M | Scene, ViewLayer | Synchronizing object | Btn_Log
Fra:1 Mem:77.06M (Peak 88.79M) | Time:00:00.01 | Mem:0.00M, Peak:0.00M | Scene, ViewLayer | Synchronizing object | Display_Window
Fra:1 Mem:77.55M (Peak 88.79M) | Time:00:00.01 | Mem:0.00M, Peak:0.00M | Scene, ViewLayer | Synchronizing object | Display_OLED
Fra:1 Mem:77.79M (Peak 88.79M) | Time:00:00.01 | Mem:0.00M, Peak:0.00M | Scene, ViewLayer | Synchronizing object | DPad
Fra:1 Mem:78.72M (Peak 88.79M) | Time:00:00.01 | Mem:0.00M, Peak:0.00M | Scene, ViewLayer | Synchronizing object | Stick_Gimbal
Fra:1 Mem:78.78M (Peak 88.79M) | Time:00:00.01 | Mem:0.00M, Peak:0.00M | Scene, ViewLayer | Synchronizing object | Stick_Cap
Fra:1 Mem:79.14M (Peak 88.79M) | Time:00:00.02 | Mem:0.00M, Peak:0.00M | Scene, ViewLayer | Synchronizing object | Paddle_Brake_L
Fra:1 Mem:79.14M (Peak 88.79M) | Time:00:00.02 | Mem:0.00M, Peak:0.00M | Scene, ViewLayer | Synchronizing object | Paddle_Throttle_R
Fra:1 Mem:80.71M (Peak 88.79M) | Time:00:00.02 | Mem:0.00M, Peak:0.00M | Scene, ViewLayer | Synchronizing object | Btn_P1
Fra:1 Mem:80.62M (Peak 88.79M) | Time:00:00.02 | Mem:0.00M, Peak:0.00M | Scene, ViewLayer | Synchronizing object | Btn_P2
Fra:1 Mem:80.63M (Peak 88.79M) | Time:00:00.02 | Mem:0.00M, Peak:0.00M | Scene, ViewLayer | Synchronizing object | Hub_PCB
Fra:1 Mem:80.75M (Peak 88.79M) | Time:00:00.02 | Mem:0.00M, Peak:0.00M | Scene, ViewLayer | Synchronizing object | EStop_ContactBlock
Fra:1 Mem:81.14M (Peak 88.79M) | Time:00:00.02 | Mem:0.00M, Peak:0.00M | Scene, ViewLayer | Synchronizing object | Stick_Module
Fra:1 Mem:80.96M (Peak 88.79M) | Time:00:00.02 | Mem:0.00M, Peak:0.00M | Scene, ViewLayer | Synchronizing object | Clock_Spring
Fra:1 Mem:80.90M (Peak 88.79M) | Time:00:00.02 | Mem:0.00M, Peak:0.00M | Scene, ViewLayer | Synchronizing object | Haptic_LRA_L
Fra:1 Mem:81.27M (Peak 88.79M) | Time:00:00.02 | Mem:0.00M, Peak:0.00M | Scene, ViewLayer | Synchronizing object | Haptic_LRA_R
Fra:1 Mem:81.28M (Peak 88.79M) | Time:00:00.02 | Mem:0.00M, Peak:0.00M | Scene, ViewLayer | Synchronizing object | Column_Cover_Upper
Fra:1 Mem:81.30M (Peak 88.79M) | Time:00:00.02 | Mem:0.00M, Peak:0.00M | Scene, ViewLayer | Synchronizing object | Column_Cover_Lower
Fra:1 Mem:81.13M (Peak 88.79M) | Time:00:00.02 | Mem:0.00M, Peak:0.00M | Scene, ViewLayer | Synchronizing object | Steer_Motor
Fra:1 Mem:82.39M (Peak 88.79M) | Time:00:00.02 | Mem:0.00M, Peak:0.00M | Scene, ViewLayer | Synchronizing object | Stalk_TurnSignal
Fra:1 Mem:84.81M (Peak 88.79M) | Time:00:00.02 | Mem:0.00M, Peak:0.00M | Scene, ViewLayer | Synchronizing object | Base_Shell
Fra:1 Mem:84.37M (Peak 88.79M) | Time:00:00.02 | Mem:0.00M, Peak:0.00M | Scene, ViewLayer | Synchronizing object | Base_Bottom
Fra:1 Mem:84.68M (Peak 88.79M) | Time:00:00.02 | Mem:0.00M, Peak:0.00M | Scene, ViewLayer | Synchronizing object | Column_Boot
Fra:1 Mem:84.29M (Peak 88.79M) | Time:00:00.02 | Mem:0.00M, Peak:0.00M | Scene, ViewLayer | Synchronizing object | Tilt_Hinge
Fra:1 Mem:85.39M (Peak 88.79M) | Time:00:00.02 | Mem:0.00M, Peak:0.00M | Scene, ViewLayer | Synchronizing object | Foot_1
Fra:1 Mem:84.50M (Peak 88.79M) | Time:00:00.02 | Mem:0.00M, Peak:0.00M | Scene, ViewLayer | Synchronizing object | Foot_2
Fra:1 Mem:84.82M (Peak 88.79M) | Time:00:00.02 | Mem:0.00M, Peak:0.00M | Scene, ViewLayer | Synchronizing object | Foot_3
Fra:1 Mem:81.45M (Peak 88.79M) | Time:00:00.02 | Mem:0.00M, Peak:0.00M | Scene, ViewLayer | Synchronizing object | Foot_4
Fra:1 Mem:81.05M (Peak 88.79M) | Time:00:00.02 | Mem:0.00M, Peak:0.00M | Scene, ViewLayer | Synchronizing object | USB_C_Receptacle
Fra:1 Mem:80.66M (Peak 88.79M) | Time:00:00.02 | Mem:0.00M, Peak:0.00M | Scene, ViewLayer | Synchronizing object | USB_Board
Fra:1 Mem:80.96M (Peak 88.79M) | Time:00:00.02 | Mem:0.00M, Peak:0.00M | Scene, ViewLayer | Synchronizing object | Main_PCB
Fra:1 Mem:80.67M (Peak 88.79M) | Time:00:00.02 | Mem:0.00M, Peak:0.00M | Scene, ViewLayer | Synchronizing object | Wordmark_R
Fra:1 Mem:80.51M (Peak 88.79M) | Time:00:00.02 | Mem:0.00M, Peak:0.00M | Scene, ViewLayer | Initializing
Fra:1 Mem:75.20M (Peak 88.79M) | Time:00:00.03 | Mem:0.00M, Peak:0.00M | Scene, ViewLayer | Waiting for render to start
Fra:1 Mem:75.20M (Peak 88.79M) | Time:00:00.03 | Mem:0.00M, Peak:0.00M | Scene, ViewLayer | Loading render kernels (may take a few minutes the first time)
Fra:1 Mem:75.20M (Peak 88.79M) | Time:00:00.03 | Mem:0.00M, Peak:0.00M | Scene, ViewLayer | Updating Scene
Fra:1 Mem:75.20M (Peak 88.79M) | Time:00:00.03 | Mem:0.00M, Peak:0.00M | Scene, ViewLayer | Updating Shaders
Fra:1 Mem:75.30M (Peak 88.79M) | Time:00:00.03 | Mem:0.02M, Peak:0.02M | Scene, ViewLayer | Updating Procedurals
Fra:1 Mem:75.30M (Peak 88.79M) | Time:00:00.03 | Mem:0.02M, Peak:0.02M | Scene, ViewLayer | Updating Background
Fra:1 Mem:75.30M (Peak 88.79M) | Time:00:00.03 | Mem:0.02M, Peak:0.02M | Scene, ViewLayer | Updating Camera
Fra:1 Mem:75.30M (Peak 88.79M) | Time:00:00.03 | Mem:0.02M, Peak:0.02M | Scene, ViewLayer | Updating Meshes Flags
Fra:1 Mem:75.30M (Peak 88.79M) | Time:00:00.03 | Mem:0.02M, Peak:0.02M | Scene, ViewLayer | Updating Objects
Fra:1 Mem:75.30M (Peak 88.79M) | Time:00:00.03 | Mem:0.02M, Peak:0.02M | Scene, ViewLayer | Updating Objects | Copying Transformations to device
Fra:1 Mem:75.31M (Peak 88.79M) | Time:00:00.03 | Mem:0.03M, Peak:0.03M | Scene, ViewLayer | Updating Objects | Applying Static Transformations
Fra:1 Mem:75.31M (Peak 88.79M) | Time:00:00.03 | Mem:0.03M, Peak:0.03M | Scene, ViewLayer | Updating Particle Systems
Fra:1 Mem:75.31M (Peak 88.79M) | Time:00:00.03 | Mem:0.03M, Peak:0.03M | Scene, ViewLayer | Updating Particle Systems | Copying Particles to device
Fra:1 Mem:75.31M (Peak 88.79M) | Time:00:00.03 | Mem:0.03M, Peak:0.03M | Scene, ViewLayer | Updating Meshes
Fra:1 Mem:79.28M (Peak 88.79M) | Time:00:00.03 | Mem:0.03M, Peak:0.03M | Scene, ViewLayer | Updating Mesh | Computing attributes
Fra:1 Mem:81.66M (Peak 88.79M) | Time:00:00.03 | Mem:0.03M, Peak:0.03M | Scene, ViewLayer | Updating Mesh | Copying Attributes to device
Fra:1 Mem:81.65M (Peak 88.79M) | Time:00:00.03 | Mem:2.41M, Peak:2.41M | Scene, ViewLayer | Updating Scene BVH | Building
Fra:1 Mem:81.66M (Peak 88.79M) | Time:00:00.03 | Mem:2.41M, Peak:2.41M | Scene, ViewLayer | Updating Scene BVH | Building BVH
Fra:1 Mem:81.66M (Peak 88.79M) | Time:00:00.03 | Mem:10.34M, Peak:10.34M | Scene, ViewLayer | Updating Scene BVH | Building BVH 0%
Fra:1 Mem:81.66M (Peak 88.79M) | Time:00:00.04 | Mem:19.79M, Peak:27.72M | Scene, ViewLayer | Updating Scene BVH | Copying BVH to device
Fra:1 Mem:81.66M (Peak 88.79M) | Time:00:00.04 | Mem:19.79M, Peak:27.72M | Scene, ViewLayer | Updating Mesh | Computing normals
Fra:1 Mem:92.95M (Peak 92.95M) | Time:00:00.04 | Mem:19.79M, Peak:27.72M | Scene, ViewLayer | Updating Mesh | Copying Mesh to device
Fra:1 Mem:92.95M (Peak 92.95M) | Time:00:00.04 | Mem:31.08M, Peak:31.08M | Scene, ViewLayer | Updating Objects Flags
Fra:1 Mem:92.95M (Peak 92.95M) | Time:00:00.04 | Mem:31.09M, Peak:31.09M | Scene, ViewLayer | Updating Primitive Offsets
Fra:1 Mem:92.95M (Peak 92.95M) | Time:00:00.04 | Mem:31.09M, Peak:31.09M | Scene, ViewLayer | Updating Images
Fra:1 Mem:92.95M (Peak 92.95M) | Time:00:00.04 | Mem:31.09M, Peak:31.09M | Scene, ViewLayer | Updating Camera Volume
Fra:1 Mem:92.95M (Peak 92.95M) | Time:00:00.04 | Mem:31.09M, Peak:31.09M | Scene, ViewLayer | Updating Lookup Tables
Fra:1 Mem:92.95M (Peak 92.95M) | Time:00:00.04 | Mem:31.17M, Peak:31.17M | Scene, ViewLayer | Updating Lights
Fra:1 Mem:92.95M (Peak 92.95M) | Time:00:00.04 | Mem:31.17M, Peak:31.17M | Scene, ViewLayer | Updating Lights | Computing distribution
Fra:1 Mem:92.95M (Peak 92.95M) | Time:00:00.04 | Mem:31.17M, Peak:31.17M | Scene, ViewLayer | Updating Lights | Computing tree
Fra:1 Mem:93.07M (Peak 93.07M) | Time:00:00.04 | Mem:31.29M, Peak:31.29M | Scene, ViewLayer | Updating Integrator
Fra:1 Mem:94.07M (Peak 94.07M) | Time:00:00.04 | Mem:32.29M, Peak:32.29M | Scene, ViewLayer | Updating Film
Fra:1 Mem:94.08M (Peak 94.08M) | Time:00:00.04 | Mem:32.21M, Peak:32.29M | Scene, ViewLayer | Updating Lookup Tables
Fra:1 Mem:94.08M (Peak 94.08M) | Time:00:00.04 | Mem:32.30M, Peak:32.30M | Scene, ViewLayer | Updating Baking
Fra:1 Mem:94.08M (Peak 94.08M) | Time:00:00.04 | Mem:32.30M, Peak:32.30M | Scene, ViewLayer | Updating Device | Writing constant memory
Fra:1 Mem:94.08M (Peak 94.08M) | Time:00:00.04 | Mem:32.30M, Peak:32.30M | Scene, ViewLayer | Sample 0/32
Fra:1 Mem:200.67M (Peak 200.67M) | Time:00:00.56 | Remaining:00:16.09 | Mem:138.84M, Peak:138.84M | Scene, ViewLayer | Sample 1/32
Fra:1 Mem:245.54M (Peak 312.83M) | Time:00:17.37 | Mem:138.84M, Peak:138.84M | Scene, ViewLayer | Sample 32/32
Fra:1 Mem:245.54M (Peak 312.83M) | Time:00:17.37 | Mem:138.84M, Peak:138.84M | Scene, ViewLayer | Finished
Saved: '/Users/jonlanger/Documents/Projects/teleop/hardware/out_v2/rear.png'
Time: 00:17.48 (Saving: 00:00.10)

Fra:1 Mem:66.56M (Peak 91.86M) | Time:00:00.01 | Mem:0.00M, Peak:0.00M | Scene, ViewLayer | Synchronizing object | Sweep
Fra:1 Mem:66.56M (Peak 91.86M) | Time:00:00.01 | Mem:0.00M, Peak:0.00M | Scene, ViewLayer | Synchronizing object | Wheel_Rear_Shell
Fra:1 Mem:66.57M (Peak 91.86M) | Time:00:00.01 | Mem:0.00M, Peak:0.00M | Scene, ViewLayer | Synchronizing object | Grip_L_Front
Fra:1 Mem:66.61M (Peak 91.86M) | Time:00:00.01 | Mem:0.00M, Peak:0.00M | Scene, ViewLayer | Synchronizing object | Grip_R_Rear
Fra:1 Mem:66.92M (Peak 91.86M) | Time:00:00.01 | Mem:0.00M, Peak:0.00M | Scene, ViewLayer | Synchronizing object | Halo_Guide_Upper
Fra:1 Mem:67.14M (Peak 91.86M) | Time:00:00.01 | Mem:0.00M, Peak:0.00M | Scene, ViewLayer | Synchronizing object | Wordmark_L
Fra:1 Mem:67.49M (Peak 91.86M) | Time:00:00.01 | Mem:0.00M, Peak:0.00M | Scene, ViewLayer | Synchronizing object | Halo_Guide_Lower
Fra:1 Mem:67.62M (Peak 91.86M) | Time:00:00.01 | Mem:0.00M, Peak:0.00M | Scene, ViewLayer | Synchronizing object | EStop_Guard
Fra:1 Mem:68.39M (Peak 91.86M) | Time:00:00.01 | Mem:0.00M, Peak:0.00M | Scene, ViewLayer | Synchronizing object | EStop_Cap
Fra:1 Mem:68.56M (Peak 91.86M) | Time:00:00.01 | Mem:0.00M, Peak:0.00M | Scene, ViewLayer | Synchronizing object | Print_SpeakerDots
Fra:1 Mem:68.55M (Peak 91.86M) | Time:00:00.01 | Mem:0.00M, Peak:0.00M | Scene, ViewLayer | Synchronizing object | Btn_Horn
Fra:1 Mem:69.09M (Peak 91.86M) | Time:00:00.01 | Mem:0.00M, Peak:0.00M | Scene, ViewLayer | Synchronizing object | Btn_Talk
Fra:1 Mem:69.83M (Peak 91.86M) | Time:00:00.01 | Mem:0.00M, Peak:0.00M | Scene, ViewLayer | Synchronizing object | Btn_Claim
Fra:1 Mem:70.54M (Peak 91.86M) | Time:00:00.01 | Mem:0.00M, Peak:0.00M | Scene, ViewLayer | Synchronizing object | Btn_Release
Fra:1 Mem:71.38M (Peak 91.86M) | Time:00:00.01 | Mem:0.00M, Peak:0.00M | Scene, ViewLayer | Synchronizing object | Btn_Log
Fra:1 Mem:71.59M (Peak 91.86M) | Time:00:00.01 | Mem:0.00M, Peak:0.00M | Scene, ViewLayer | Synchronizing object | Display_Window
Fra:1 Mem:76.66M (Peak 91.86M) | Time:00:00.01 | Mem:0.00M, Peak:0.00M | Scene, ViewLayer | Synchronizing object | Display_OLED
Fra:1 Mem:76.75M (Peak 91.86M) | Time:00:00.02 | Mem:0.00M, Peak:0.00M | Scene, ViewLayer | Synchronizing object | DPad
Fra:1 Mem:77.24M (Peak 91.86M) | Time:00:00.02 | Mem:0.00M, Peak:0.00M | Scene, ViewLayer | Synchronizing object | Stick_Gimbal
Fra:1 Mem:77.39M (Peak 91.86M) | Time:00:00.02 | Mem:0.00M, Peak:0.00M | Scene, ViewLayer | Synchronizing object | Stick_Cap
Fra:1 Mem:77.54M (Peak 91.86M) | Time:00:00.02 | Mem:0.00M, Peak:0.00M | Scene, ViewLayer | Synchronizing object | Paddle_Brake_L
Fra:1 Mem:78.11M (Peak 91.86M) | Time:00:00.02 | Mem:0.00M, Peak:0.00M | Scene, ViewLayer | Synchronizing object | Paddle_Throttle_R
Fra:1 Mem:78.94M (Peak 91.86M) | Time:00:00.02 | Mem:0.00M, Peak:0.00M | Scene, ViewLayer | Synchronizing object | Btn_P1
Fra:1 Mem:79.54M (Peak 91.86M) | Time:00:00.02 | Mem:0.00M, Peak:0.00M | Scene, ViewLayer | Synchronizing object | Btn_P2
Fra:1 Mem:80.93M (Peak 91.86M) | Time:00:00.02 | Mem:0.00M, Peak:0.00M | Scene, ViewLayer | Synchronizing object | Hub_PCB
Fra:1 Mem:81.22M (Peak 91.86M) | Time:00:00.02 | Mem:0.00M, Peak:0.00M | Scene, ViewLayer | Synchronizing object | EStop_ContactBlock
Fra:1 Mem:79.85M (Peak 91.86M) | Time:00:00.02 | Mem:0.00M, Peak:0.00M | Scene, ViewLayer | Synchronizing object | Stick_Module
Fra:1 Mem:81.35M (Peak 91.86M) | Time:00:00.02 | Mem:0.00M, Peak:0.00M | Scene, ViewLayer | Synchronizing object | Clock_Spring
Fra:1 Mem:81.16M (Peak 91.86M) | Time:00:00.02 | Mem:0.00M, Peak:0.00M | Scene, ViewLayer | Synchronizing object | Haptic_LRA_L
Fra:1 Mem:81.62M (Peak 91.86M) | Time:00:00.02 | Mem:0.00M, Peak:0.00M | Scene, ViewLayer | Synchronizing object | Haptic_LRA_R
Fra:1 Mem:82.01M (Peak 91.86M) | Time:00:00.02 | Mem:0.00M, Peak:0.00M | Scene, ViewLayer | Synchronizing object | Column_Cover_Upper
Fra:1 Mem:81.91M (Peak 91.86M) | Time:00:00.02 | Mem:0.00M, Peak:0.00M | Scene, ViewLayer | Synchronizing object | Column_Cover_Lower
Fra:1 Mem:81.77M (Peak 91.86M) | Time:00:00.02 | Mem:0.00M, Peak:0.00M | Scene, ViewLayer | Synchronizing object | Stalk_TurnSignal
Fra:1 Mem:81.91M (Peak 91.86M) | Time:00:00.02 | Mem:0.00M, Peak:0.00M | Scene, ViewLayer | Synchronizing object | Base_Shell
Fra:1 Mem:82.00M (Peak 91.86M) | Time:00:00.02 | Mem:0.00M, Peak:0.00M | Scene, ViewLayer | Synchronizing object | Base_Bottom
Fra:1 Mem:81.90M (Peak 91.86M) | Time:00:00.02 | Mem:0.00M, Peak:0.00M | Scene, ViewLayer | Synchronizing object | Tilt_Hinge
Fra:1 Mem:81.95M (Peak 91.86M) | Time:00:00.02 | Mem:0.00M, Peak:0.00M | Scene, ViewLayer | Synchronizing object | Foot_1
Fra:1 Mem:82.35M (Peak 91.86M) | Time:00:00.02 | Mem:0.00M, Peak:0.00M | Scene, ViewLayer | Synchronizing object | Foot_2
Fra:1 Mem:82.81M (Peak 91.86M) | Time:00:00.02 | Mem:0.00M, Peak:0.00M | Scene, ViewLayer | Synchronizing object | Foot_3
Fra:1 Mem:82.73M (Peak 91.86M) | Time:00:00.02 | Mem:0.00M, Peak:0.00M | Scene, ViewLayer | Synchronizing object | Foot_4
Fra:1 Mem:82.75M (Peak 91.86M) | Time:00:00.02 | Mem:0.00M, Peak:0.00M | Scene, ViewLayer | Synchronizing object | USB_C_Receptacle
Fra:1 Mem:83.58M (Peak 91.86M) | Time:00:00.02 | Mem:0.00M, Peak:0.00M | Scene, ViewLayer | Synchronizing object | USB_Board
Fra:1 Mem:83.53M (Peak 91.86M) | Time:00:00.02 | Mem:0.00M, Peak:0.00M | Scene, ViewLayer | Synchronizing object | Ballast_Plate
Fra:1 Mem:84.65M (Peak 91.86M) | Time:00:00.02 | Mem:0.00M, Peak:0.00M | Scene, ViewLayer | Synchronizing object | Main_PCB
Fra:1 Mem:85.45M (Peak 91.86M) | Time:00:00.02 | Mem:0.00M, Peak:0.00M | Scene, ViewLayer | Synchronizing object | Wordmark_R
Fra:1 Mem:80.51M (Peak 91.86M) | Time:00:00.02 | Mem:0.00M, Peak:0.00M | Scene, ViewLayer | Initializing
Fra:1 Mem:75.20M (Peak 91.86M) | Time:00:00.03 | Mem:0.00M, Peak:0.00M | Scene, ViewLayer | Waiting for render to start
Fra:1 Mem:75.20M (Peak 91.86M) | Time:00:00.03 | Mem:0.00M, Peak:0.00M | Scene, ViewLayer | Loading render kernels (may take a few minutes the first time)
Fra:1 Mem:75.20M (Peak 91.86M) | Time:00:00.03 | Mem:0.00M, Peak:0.00M | Scene, ViewLayer | Updating Scene
Fra:1 Mem:75.20M (Peak 91.86M) | Time:00:00.03 | Mem:0.00M, Peak:0.00M | Scene, ViewLayer | Updating Shaders
Fra:1 Mem:75.30M (Peak 91.86M) | Time:00:00.03 | Mem:0.02M, Peak:0.02M | Scene, ViewLayer | Updating Procedurals
Fra:1 Mem:75.30M (Peak 91.86M) | Time:00:00.03 | Mem:0.02M, Peak:0.02M | Scene, ViewLayer | Updating Background
Fra:1 Mem:75.30M (Peak 91.86M) | Time:00:00.03 | Mem:0.02M, Peak:0.02M | Scene, ViewLayer | Updating Camera
Fra:1 Mem:75.30M (Peak 91.86M) | Time:00:00.03 | Mem:0.02M, Peak:0.02M | Scene, ViewLayer | Updating Meshes Flags
Fra:1 Mem:75.30M (Peak 91.86M) | Time:00:00.03 | Mem:0.02M, Peak:0.02M | Scene, ViewLayer | Updating Objects
Fra:1 Mem:75.30M (Peak 91.86M) | Time:00:00.03 | Mem:0.02M, Peak:0.02M | Scene, ViewLayer | Updating Objects | Copying Transformations to device
Fra:1 Mem:75.31M (Peak 91.86M) | Time:00:00.03 | Mem:0.03M, Peak:0.03M | Scene, ViewLayer | Updating Objects | Applying Static Transformations
Fra:1 Mem:75.31M (Peak 91.86M) | Time:00:00.03 | Mem:0.03M, Peak:0.03M | Scene, ViewLayer | Updating Particle Systems
Fra:1 Mem:75.31M (Peak 91.86M) | Time:00:00.03 | Mem:0.03M, Peak:0.03M | Scene, ViewLayer | Updating Particle Systems | Copying Particles to device
Fra:1 Mem:75.31M (Peak 91.86M) | Time:00:00.03 | Mem:0.03M, Peak:0.03M | Scene, ViewLayer | Updating Meshes
Fra:1 Mem:79.28M (Peak 91.86M) | Time:00:00.03 | Mem:0.03M, Peak:0.03M | Scene, ViewLayer | Updating Mesh | Computing attributes
Fra:1 Mem:81.67M (Peak 91.86M) | Time:00:00.03 | Mem:0.03M, Peak:0.03M | Scene, ViewLayer | Updating Mesh | Copying Attributes to device
Fra:1 Mem:81.66M (Peak 91.86M) | Time:00:00.03 | Mem:2.41M, Peak:2.41M | Scene, ViewLayer | Updating Scene BVH | Building
Fra:1 Mem:81.66M (Peak 91.86M) | Time:00:00.03 | Mem:2.41M, Peak:2.41M | Scene, ViewLayer | Updating Scene BVH | Building BVH
Fra:1 Mem:81.66M (Peak 91.86M) | Time:00:00.03 | Mem:10.34M, Peak:10.34M | Scene, ViewLayer | Updating Scene BVH | Building BVH 0%
Fra:1 Mem:81.66M (Peak 91.86M) | Time:00:00.04 | Mem:19.79M, Peak:27.72M | Scene, ViewLayer | Updating Scene BVH | Copying BVH to device
Fra:1 Mem:81.66M (Peak 91.86M) | Time:00:00.04 | Mem:19.79M, Peak:27.72M | Scene, ViewLayer | Updating Mesh | Computing normals
Fra:1 Mem:92.95M (Peak 92.95M) | Time:00:00.04 | Mem:19.79M, Peak:27.72M | Scene, ViewLayer | Updating Mesh | Copying Mesh to device
Fra:1 Mem:92.95M (Peak 92.95M) | Time:00:00.04 | Mem:31.08M, Peak:31.08M | Scene, ViewLayer | Updating Objects Flags
Fra:1 Mem:92.95M (Peak 92.95M) | Time:00:00.04 | Mem:31.09M, Peak:31.09M | Scene, ViewLayer | Updating Primitive Offsets
Fra:1 Mem:92.95M (Peak 92.95M) | Time:00:00.04 | Mem:31.09M, Peak:31.09M | Scene, ViewLayer | Updating Images
Fra:1 Mem:92.95M (Peak 92.95M) | Time:00:00.04 | Mem:31.09M, Peak:31.09M | Scene, ViewLayer | Updating Camera Volume
Fra:1 Mem:92.95M (Peak 92.95M) | Time:00:00.04 | Mem:31.09M, Peak:31.09M | Scene, ViewLayer | Updating Lookup Tables
Fra:1 Mem:92.95M (Peak 92.95M) | Time:00:00.04 | Mem:31.17M, Peak:31.17M | Scene, ViewLayer | Updating Lights
Fra:1 Mem:92.95M (Peak 92.95M) | Time:00:00.04 | Mem:31.17M, Peak:31.17M | Scene, ViewLayer | Updating Lights | Computing distribution
Fra:1 Mem:92.95M (Peak 92.95M) | Time:00:00.04 | Mem:31.17M, Peak:31.17M | Scene, ViewLayer | Updating Lights | Computing tree
Fra:1 Mem:93.07M (Peak 93.07M) | Time:00:00.04 | Mem:31.29M, Peak:31.29M | Scene, ViewLayer | Updating Integrator
Fra:1 Mem:94.07M (Peak 94.07M) | Time:00:00.04 | Mem:32.29M, Peak:32.29M | Scene, ViewLayer | Updating Film
Fra:1 Mem:94.08M (Peak 94.08M) | Time:00:00.04 | Mem:32.21M, Peak:32.29M | Scene, ViewLayer | Updating Lookup Tables
Fra:1 Mem:94.08M (Peak 94.08M) | Time:00:00.04 | Mem:32.30M, Peak:32.30M | Scene, ViewLayer | Updating Baking
Fra:1 Mem:94.08M (Peak 94.08M) | Time:00:00.04 | Mem:32.30M, Peak:32.30M | Scene, ViewLayer | Updating Device | Writing constant memory
Fra:1 Mem:94.08M (Peak 94.08M) | Time:00:00.04 | Mem:32.30M, Peak:32.30M | Scene, ViewLayer | Sample 0/32
Fra:1 Mem:200.68M (Peak 200.68M) | Time:00:00.63 | Remaining:00:18.33 | Mem:138.84M, Peak:138.84M | Scene, ViewLayer | Sample 1/32
Fra:1 Mem:245.54M (Peak 312.83M) | Time:00:19.40 | Mem:138.84M, Peak:138.84M | Scene, ViewLayer | Sample 32/32
Fra:1 Mem:245.54M (Peak 312.83M) | Time:00:19.40 | Mem:138.84M, Peak:138.84M | Scene, ViewLayer | Finished
Saved: '/Users/jonlanger/Documents/Projects/teleop/hardware/out_v2/exploded.png'
Time: 00:19.51 (Saving: 00:00.10)

EXIT 0
